Component: ARM Compiler 5.06 update 6 (build 750) Tool: armlink [4d35ed]

==============================================================================

Section Cross References

    startup_lpc17xx.o(STACK) refers (Special) to heapauxi.o(.text) for __use_two_region_memory
    startup_lpc17xx.o(HEAP) refers (Special) to heapauxi.o(.text) for __use_two_region_memory
    startup_lpc17xx.o(RESET) refers (Special) to heapauxi.o(.text) for __use_two_region_memory
    startup_lpc17xx.o(RESET) refers to startup_lpc17xx.o(STACK) for __initial_sp
    startup_lpc17xx.o(RESET) refers to startup_lpc17xx.o(.text) for Reset_Handler
    startup_lpc17xx.o(RESET) refers to irq_timer.o(.text) for TIMER0_IRQHandler
    startup_lpc17xx.o(RESET) refers to irq_button.o(.text) for EINT0_IRQHandler
    startup_lpc17xx.o(RESET) refers to irq_adc.o(.text) for ADC_IRQHandler
    startup_lpc17xx.o(RESET) refers to irq_rit.o(.text) for RIT_IRQHandler
    startup_lpc17xx.o(.ARM.__at_0x02FC) refers (Special) to heapauxi.o(.text) for __use_two_region_memory
    startup_lpc17xx.o(.text) refers (Special) to heapauxi.o(.text) for __use_two_region_memory
    startup_lpc17xx.o(.text) refers to __main.o(!!!main) for __main
    startup_lpc17xx.o(.text) refers to startup_lpc17xx.o(HEAP) for Heap_Mem
    startup_lpc17xx.o(.text) refers to startup_lpc17xx.o(STACK) for Stack_Mem
    sample.o(.text) refers to glcd.o(.text) for LCD_Clear
    sample.o(.text) refers to funct_led.o(.text) for LED_Out
    sample.o(.text) refers to system_lpc17xx.o(.text) for SystemInit
    sample.o(.text) refers to lib_led.o(.text) for LED_init
    sample.o(.text) refers to lib_button.o(.text) for BUTTON_init
    sample.o(.text) refers to lib_joystick.o(.text) for joystick_init
    sample.o(.text) refers to lib_rit.o(.text) for init_RIT
    sample.o(.text) refers to lib_adc.o(.text) for ADC_init
    sample.o(.text) refers to lib_dac.o(.text) for DAC_init
    sample.o(.text) refers to touchpanel.o(.text) for TP_Init
    sample.o(.text) refers to lib_timer.o(.text) for init_timer
    sample.o(.text) refers to sample.o(.data) for status_byte
    sample.o(.text) refers to irq_button.o(.data) for block_alarm
    sample.o(.text) refers to irq_rit.o(.data) for tmpNote1
    sample.o(.data) refers to sample.o(.conststring) for .conststring
    system_lpc17xx.o(.text) refers to system_lpc17xx.o(.data) for SystemFrequency
    funct_led.o(.text) refers to funct_led.o(.constdata) for led_mask
    funct_led.o(.text) refers to lib_led.o(.data) for led_value
    lib_led.o(.text) refers to lib_led.o(.data) for led_value
    irq_button.o(.text) refers to irq_button.o(.data) for block_alarm
    irq_button.o(.text) refers to irq_rit.o(.data) for down0
    irq_button.o(.text) refers to sample.o(.data) for maintenance
    irq_timer.o(.text) refers to lib_timer.o(.text) for init_timer
    irq_timer.o(.text) refers to lib_dac.o(.text) for DAC_convert
    irq_timer.o(.text) refers to sample.o(.text) for LED_Off_Proxy
    irq_timer.o(.text) refers to sample.o(.data) for status_byte
    irq_timer.o(.text) refers to irq_timer.o(.data) for i
    irq_timer.o(.text) refers to irq_button.o(.data) for block_alarm
    irq_timer.o(.data) refers to sample.o(.data) for Note2
    irq_rit.o(.text) refers to sample.o(.text) for ResetTimerProxy
    irq_rit.o(.text) refers to irq_timer.o(.text) for Blink2Hz
    irq_rit.o(.text) refers to funct_led.o(.text) for LED_On
    irq_rit.o(.text) refers to sample.o(.data) for status_byte
    irq_rit.o(.text) refers to irq_button.o(.data) for block_alarm
    irq_rit.o(.text) refers to irq_rit.o(.data) for down1
    irq_rit.o(.text) refers to lib_adc.o(.text) for ADC_start_conversion
    irq_rit.o(.text) refers to touchpanel.o(.text) for Read_Ads7846
    irq_rit.o(.text) refers to touchpanel.o(.bss) for matrix
    irq_rit.o(.text) refers to touchpanel.o(.data) for display
    funct_joystick.o(.text) refers to funct_led.o(.text) for LED_Out
    irq_adc.o(.text) refers to sample.o(.text) for FocusElement
    irq_adc.o(.text) refers to irq_adc.o(.data) for AD_current
    irq_adc.o(.text) refers to sample.o(.data) for maintenance
    irq_adc.o(.text) refers to irq_rit.o(.data) for sel
    asciilib.o(.text) refers to rt_memcpy_v6.o(.text) for __aeabi_memcpy
    asciilib.o(.text) refers to asciilib.o(.constdata) for AsciiLib
    glcd.o(.text) refers to glcd.o(.data) for LCD_Code
    glcd.o(.text) refers to asciilib.o(.text) for GetASCIICode
    hzlib.o(.text) refers to rt_memcpy_v6.o(.text) for __aeabi_memcpy
    hzlib.o(.text) refers to hzlib.o(.constdata) for HzLib
    touchpanel.o(.text) refers to glcd.o(.text) for LCD_SetPoint
    touchpanel.o(.text) refers to rt_memclr_w.o(.text) for __aeabi_memclr4
    touchpanel.o(.text) refers to touchpanel.o(.data) for screen
    touchpanel.o(.text) refers to dflt_clz.o(x$fpl$dflt) for __aeabi_i2d
    touchpanel.o(.text) refers to deqf.o(x$fpl$deqf) for __aeabi_cdcmpeq
    touchpanel.o(.text) refers to dflt_clz.o(x$fpl$dfltu) for __aeabi_ui2d
    touchpanel.o(.text) refers to dmul.o(x$fpl$dmul) for __aeabi_dmul
    touchpanel.o(.text) refers to daddsub_clz.o(x$fpl$dadd) for __aeabi_dadd
    touchpanel.o(.text) refers to ddiv.o(x$fpl$ddiv) for __aeabi_ddiv
    touchpanel.o(.text) refers to dfixu.o(x$fpl$dfixu) for __aeabi_d2uiz
    touchpanel.o(.text) refers to touchpanel.o(.bss) for ScreenSample
    rt_memcpy_v6.o(.text) refers to rt_memcpy_w.o(.text) for __aeabi_memcpy4
    __main.o(!!!main) refers to __rtentry.o(.ARM.Collect$$rtentry$$00000000) for __rt_entry
    daddsub_clz.o(x$fpl$dadd) refers (Special) to usenofp.o(x$fpl$usenofp) for __I$use$fp
    daddsub_clz.o(x$fpl$dadd) refers to daddsub_clz.o(x$fpl$dsub) for _dsub1
    daddsub_clz.o(x$fpl$dadd) refers to dretinf.o(x$fpl$dretinf) for __fpl_dretinf
    daddsub_clz.o(x$fpl$dadd) refers to dnaninf.o(x$fpl$dnaninf) for __fpl_dnaninf
    daddsub_clz.o(x$fpl$drsb) refers (Special) to usenofp.o(x$fpl$usenofp) for __I$use$fp
    daddsub_clz.o(x$fpl$drsb) refers to daddsub_clz.o(x$fpl$dadd) for _dadd1
    daddsub_clz.o(x$fpl$drsb) refers to daddsub_clz.o(x$fpl$dsub) for _dsub1
    daddsub_clz.o(x$fpl$dsub) refers (Special) to usenofp.o(x$fpl$usenofp) for __I$use$fp
    daddsub_clz.o(x$fpl$dsub) refers to daddsub_clz.o(x$fpl$dadd) for _dadd1
    daddsub_clz.o(x$fpl$dsub) refers to dnaninf.o(x$fpl$dnaninf) for __fpl_dnaninf
    ddiv.o(x$fpl$drdiv) refers (Special) to usenofp.o(x$fpl$usenofp) for __I$use$fp
    ddiv.o(x$fpl$drdiv) refers to ddiv.o(x$fpl$ddiv) for ddiv_entry
    ddiv.o(x$fpl$ddiv) refers (Special) to usenofp.o(x$fpl$usenofp) for __I$use$fp
    ddiv.o(x$fpl$ddiv) refers to dretinf.o(x$fpl$dretinf) for __fpl_dretinf
    ddiv.o(x$fpl$ddiv) refers to dnaninf.o(x$fpl$dnaninf) for __fpl_dnaninf
    deqf.o(x$fpl$deqf) refers (Special) to usenofp.o(x$fpl$usenofp) for __I$use$fp
    deqf.o(x$fpl$deqf) refers to dnaninf.o(x$fpl$dnaninf) for __fpl_dnaninf
    deqf.o(x$fpl$deqf) refers to dcmpi.o(x$fpl$dcmpinf) for __fpl_dcmp_Inf
    dfixu.o(x$fpl$dfixu) refers (Special) to usenofp.o(x$fpl$usenofp) for __I$use$fp
    dfixu.o(x$fpl$dfixu) refers to dnaninf.o(x$fpl$dnaninf) for __fpl_dnaninf
    dfixu.o(x$fpl$dfixur) refers (Special) to usenofp.o(x$fpl$usenofp) for __I$use$fp
    dfixu.o(x$fpl$dfixur) refers to dnaninf.o(x$fpl$dnaninf) for __fpl_dnaninf
    dflt_clz.o(x$fpl$dfltu) refers (Special) to usenofp.o(x$fpl$usenofp) for __I$use$fp
    dflt_clz.o(x$fpl$dflt) refers (Special) to usenofp.o(x$fpl$usenofp) for __I$use$fp
    dflt_clz.o(x$fpl$dfltn) refers (Special) to usenofp.o(x$fpl$usenofp) for __I$use$fp
    dmul.o(x$fpl$dmul) refers (Special) to usenofp.o(x$fpl$usenofp) for __I$use$fp
    dmul.o(x$fpl$dmul) refers to dretinf.o(x$fpl$dretinf) for __fpl_dretinf
    dmul.o(x$fpl$dmul) refers to dnaninf.o(x$fpl$dnaninf) for __fpl_dnaninf
    __rtentry.o(.ARM.Collect$$rtentry$$00000000) refers (Special) to __rtentry2.o(.ARM.Collect$$rtentry$$0000000A) for __rt_entry_li
    __rtentry.o(.ARM.Collect$$rtentry$$00000000) refers (Special) to __rtentry2.o(.ARM.Collect$$rtentry$$0000000D) for __rt_entry_main
    __rtentry.o(.ARM.Collect$$rtentry$$00000000) refers (Special) to __rtentry2.o(.ARM.Collect$$rtentry$$0000000C) for __rt_entry_postli_1
    __rtentry.o(.ARM.Collect$$rtentry$$00000000) refers (Special) to __rtentry2.o(.ARM.Collect$$rtentry$$00000009) for __rt_entry_postsh_1
    __rtentry.o(.ARM.Collect$$rtentry$$00000000) refers (Special) to __rtentry2.o(.ARM.Collect$$rtentry$$00000002) for __rt_entry_presh_1
    __rtentry.o(.ARM.Collect$$rtentry$$00000000) refers (Special) to __rtentry4.o(.ARM.Collect$$rtentry$$00000004) for __rt_entry_sh
    dcmpi.o(x$fpl$dcmpinf) refers (Special) to usenofp.o(x$fpl$usenofp) for __I$use$fp
    dnaninf.o(x$fpl$dnaninf) refers (Special) to usenofp.o(x$fpl$usenofp) for __I$use$fp
    dretinf.o(x$fpl$dretinf) refers (Special) to usenofp.o(x$fpl$usenofp) for __I$use$fp
    __rtentry2.o(.ARM.Collect$$rtentry$$00000008) refers to boardinit2.o(.text) for _platform_post_stackheap_init
    __rtentry2.o(.ARM.Collect$$rtentry$$0000000A) refers to libinit.o(.ARM.Collect$$libinit$$00000000) for __rt_lib_init
    __rtentry2.o(.ARM.Collect$$rtentry$$0000000B) refers to boardinit3.o(.text) for _platform_post_lib_init
    __rtentry2.o(.ARM.Collect$$rtentry$$0000000D) refers to sample.o(.text) for main
    __rtentry2.o(.ARM.Collect$$rtentry$$0000000D) refers to exit.o(.text) for exit
    __rtentry2.o(.ARM.exidx) refers to __rtentry2.o(.ARM.Collect$$rtentry$$00000001) for .ARM.Collect$$rtentry$$00000001
    __rtentry2.o(.ARM.exidx) refers to __rtentry2.o(.ARM.Collect$$rtentry$$00000008) for .ARM.Collect$$rtentry$$00000008
    __rtentry2.o(.ARM.exidx) refers to __rtentry2.o(.ARM.Collect$$rtentry$$0000000A) for .ARM.Collect$$rtentry$$0000000A
    __rtentry2.o(.ARM.exidx) refers to __rtentry2.o(.ARM.Collect$$rtentry$$0000000B) for .ARM.Collect$$rtentry$$0000000B
    __rtentry2.o(.ARM.exidx) refers to __rtentry2.o(.ARM.Collect$$rtentry$$0000000D) for .ARM.Collect$$rtentry$$0000000D
    __rtentry4.o(.ARM.Collect$$rtentry$$00000004) refers to sys_stackheap_outer.o(.text) for __user_setup_stackheap
    __rtentry4.o(.ARM.exidx) refers to __rtentry4.o(.ARM.Collect$$rtentry$$00000004) for .ARM.Collect$$rtentry$$00000004
    sys_stackheap_outer.o(.text) refers to libspace.o(.text) for __user_perproc_libspace
    sys_stackheap_outer.o(.text) refers to startup_lpc17xx.o(.text) for __user_initial_stackheap
    exit.o(.text) refers to rtexit.o(.ARM.Collect$$rtexit$$00000000) for __rt_exit
    libinit.o(.ARM.Collect$$libinit$$00000000) refers (Special) to libinit2.o(.ARM.Collect$$libinit$$0000002E) for __rt_lib_init_alloca_1
    libinit.o(.ARM.Collect$$libinit$$00000000) refers (Special) to libinit2.o(.ARM.Collect$$libinit$$0000002C) for __rt_lib_init_argv_1
    libinit.o(.ARM.Collect$$libinit$$00000000) refers (Special) to libinit2.o(.ARM.Collect$$libinit$$0000001B) for __rt_lib_init_atexit_1
    libinit.o(.ARM.Collect$$libinit$$00000000) refers (Special) to libinit2.o(.ARM.Collect$$libinit$$00000021) for __rt_lib_init_clock_1
    libinit.o(.ARM.Collect$$libinit$$00000000) refers (Special) to libinit2.o(.ARM.Collect$$libinit$$00000032) for __rt_lib_init_cpp_1
    libinit.o(.ARM.Collect$$libinit$$00000000) refers (Special) to libinit2.o(.ARM.Collect$$libinit$$00000030) for __rt_lib_init_exceptions_1
    libinit.o(.ARM.Collect$$libinit$$00000000) refers (Special) to libinit2.o(.ARM.Collect$$libinit$$00000002) for __rt_lib_init_fp_1
    libinit.o(.ARM.Collect$$libinit$$00000000) refers (Special) to libinit2.o(.ARM.Collect$$libinit$$0000001F) for __rt_lib_init_fp_trap_1
    libinit.o(.ARM.Collect$$libinit$$00000000) refers (Special) to libinit2.o(.ARM.Collect$$libinit$$00000023) for __rt_lib_init_getenv_1
    libinit.o(.ARM.Collect$$libinit$$00000000) refers (Special) to libinit2.o(.ARM.Collect$$libinit$$0000000A) for __rt_lib_init_heap_1
    libinit.o(.ARM.Collect$$libinit$$00000000) refers (Special) to libinit2.o(.ARM.Collect$$libinit$$00000011) for __rt_lib_init_lc_collate_1
    libinit.o(.ARM.Collect$$libinit$$00000000) refers (Special) to libinit2.o(.ARM.Collect$$libinit$$00000013) for __rt_lib_init_lc_ctype_1
    libinit.o(.ARM.Collect$$libinit$$00000000) refers (Special) to libinit2.o(.ARM.Collect$$libinit$$00000015) for __rt_lib_init_lc_monetary_1
    libinit.o(.ARM.Collect$$libinit$$00000000) refers (Special) to libinit2.o(.ARM.Collect$$libinit$$00000017) for __rt_lib_init_lc_numeric_1
    libinit.o(.ARM.Collect$$libinit$$00000000) refers (Special) to libinit2.o(.ARM.Collect$$libinit$$00000019) for __rt_lib_init_lc_time_1
    libinit.o(.ARM.Collect$$libinit$$00000000) refers (Special) to libinit2.o(.ARM.Collect$$libinit$$00000004) for __rt_lib_init_preinit_1
    libinit.o(.ARM.Collect$$libinit$$00000000) refers (Special) to libinit2.o(.ARM.Collect$$libinit$$0000000E) for __rt_lib_init_rand_1
    libinit.o(.ARM.Collect$$libinit$$00000000) refers (Special) to libinit2.o(.ARM.Collect$$libinit$$00000033) for __rt_lib_init_return
    libinit.o(.ARM.Collect$$libinit$$00000000) refers (Special) to libinit2.o(.ARM.Collect$$libinit$$0000001D) for __rt_lib_init_signal_1
    libinit.o(.ARM.Collect$$libinit$$00000000) refers (Special) to libinit2.o(.ARM.Collect$$libinit$$00000025) for __rt_lib_init_stdio_1
    libinit.o(.ARM.Collect$$libinit$$00000000) refers (Special) to libinit2.o(.ARM.Collect$$libinit$$0000000C) for __rt_lib_init_user_alloc_1
    libspace.o(.text) refers to libspace.o(.bss) for __libspace_start
    rtexit.o(.ARM.Collect$$rtexit$$00000000) refers (Special) to rtexit2.o(.ARM.Collect$$rtexit$$00000004) for __rt_exit_exit
    rtexit.o(.ARM.Collect$$rtexit$$00000000) refers (Special) to rtexit2.o(.ARM.Collect$$rtexit$$00000003) for __rt_exit_ls
    rtexit.o(.ARM.Collect$$rtexit$$00000000) refers (Special) to rtexit2.o(.ARM.Collect$$rtexit$$00000002) for __rt_exit_prels_1
    rtexit.o(.ARM.exidx) refers (Special) to rtexit2.o(.ARM.Collect$$rtexit$$00000004) for __rt_exit_exit
    rtexit.o(.ARM.exidx) refers (Special) to rtexit2.o(.ARM.Collect$$rtexit$$00000003) for __rt_exit_ls
    rtexit.o(.ARM.exidx) refers (Special) to rtexit2.o(.ARM.Collect$$rtexit$$00000002) for __rt_exit_prels_1
    rtexit.o(.ARM.exidx) refers to rtexit.o(.ARM.Collect$$rtexit$$00000000) for .ARM.Collect$$rtexit$$00000000
    libinit2.o(.ARM.Collect$$libinit$$00000010) refers to libinit2.o(.ARM.Collect$$libinit$$0000000F) for .ARM.Collect$$libinit$$0000000F
    libinit2.o(.ARM.Collect$$libinit$$00000012) refers to libinit2.o(.ARM.Collect$$libinit$$0000000F) for .ARM.Collect$$libinit$$0000000F
    libinit2.o(.ARM.Collect$$libinit$$00000014) refers to libinit2.o(.ARM.Collect$$libinit$$0000000F) for .ARM.Collect$$libinit$$0000000F
    libinit2.o(.ARM.Collect$$libinit$$00000016) refers to libinit2.o(.ARM.Collect$$libinit$$0000000F) for .ARM.Collect$$libinit$$0000000F
    libinit2.o(.ARM.Collect$$libinit$$00000018) refers to libinit2.o(.ARM.Collect$$libinit$$0000000F) for .ARM.Collect$$libinit$$0000000F
    libinit2.o(.ARM.Collect$$libinit$$00000026) refers to argv_veneer.o(.emb_text) for __ARM_argv_veneer
    libinit2.o(.ARM.Collect$$libinit$$00000027) refers to argv_veneer.o(.emb_text) for __ARM_argv_veneer
    rtexit2.o(.ARM.Collect$$rtexit$$00000003) refers to libshutdown.o(.ARM.Collect$$libshutdown$$00000000) for __rt_lib_shutdown
    rtexit2.o(.ARM.Collect$$rtexit$$00000004) refers to sys_exit.o(.text) for _sys_exit
    rtexit2.o(.ARM.exidx) refers to rtexit2.o(.ARM.Collect$$rtexit$$00000001) for .ARM.Collect$$rtexit$$00000001
    rtexit2.o(.ARM.exidx) refers to rtexit2.o(.ARM.Collect$$rtexit$$00000003) for .ARM.Collect$$rtexit$$00000003
    rtexit2.o(.ARM.exidx) refers to rtexit2.o(.ARM.Collect$$rtexit$$00000004) for .ARM.Collect$$rtexit$$00000004
    argv_veneer.o(.emb_text) refers to no_argv.o(.text) for __ARM_get_argv
    sys_exit.o(.text) refers (Special) to use_no_semi.o(.text) for __I$use$semihosting
    sys_exit.o(.text) refers (Special) to indicate_semi.o(.text) for __semihosting_library_function
    _get_argv_nomalloc.o(.text) refers (Special) to hrguard.o(.text) for __heap_region$guard
    _get_argv_nomalloc.o(.text) refers to defsig_rtmem_outer.o(.text) for __rt_SIGRTMEM
    _get_argv_nomalloc.o(.text) refers to sys_command.o(.text) for _sys_command_string
    libshutdown.o(.ARM.Collect$$libshutdown$$00000000) refers (Special) to libshutdown2.o(.ARM.Collect$$libshutdown$$00000002) for __rt_lib_shutdown_cpp_1
    libshutdown.o(.ARM.Collect$$libshutdown$$00000000) refers (Special) to libshutdown2.o(.ARM.Collect$$libshutdown$$00000007) for __rt_lib_shutdown_fp_trap_1
    libshutdown.o(.ARM.Collect$$libshutdown$$00000000) refers (Special) to libshutdown2.o(.ARM.Collect$$libshutdown$$0000000F) for __rt_lib_shutdown_heap_1
    libshutdown.o(.ARM.Collect$$libshutdown$$00000000) refers (Special) to libshutdown2.o(.ARM.Collect$$libshutdown$$00000010) for __rt_lib_shutdown_return
    libshutdown.o(.ARM.Collect$$libshutdown$$00000000) refers (Special) to libshutdown2.o(.ARM.Collect$$libshutdown$$0000000A) for __rt_lib_shutdown_signal_1
    libshutdown.o(.ARM.Collect$$libshutdown$$00000000) refers (Special) to libshutdown2.o(.ARM.Collect$$libshutdown$$00000004) for __rt_lib_shutdown_stdio_1
    libshutdown.o(.ARM.Collect$$libshutdown$$00000000) refers (Special) to libshutdown2.o(.ARM.Collect$$libshutdown$$0000000C) for __rt_lib_shutdown_user_alloc_1
    sys_command.o(.text) refers (Special) to use_no_semi.o(.text) for __I$use$semihosting
    sys_command.o(.text) refers (Special) to indicate_semi.o(.text) for __semihosting_library_function
    defsig_rtmem_outer.o(.text) refers to defsig_rtmem_inner.o(.text) for __rt_SIGRTMEM_inner
    defsig_rtmem_outer.o(.text) refers to defsig_exit.o(.text) for __sig_exit
    defsig_rtmem_formal.o(.text) refers to rt_raise.o(.text) for __rt_raise
    rt_raise.o(.text) refers to __raise.o(.text) for __raise
    rt_raise.o(.text) refers to sys_exit.o(.text) for _sys_exit
    defsig_exit.o(.text) refers to sys_exit.o(.text) for _sys_exit
    defsig_rtmem_inner.o(.text) refers to defsig_general.o(.text) for __default_signal_display
    __raise.o(.text) refers to defsig.o(CL$$defsig) for __default_signal_handler
    defsig_general.o(.text) refers to sys_wrch.o(.text) for _ttywrch
    sys_wrch.o(.text) refers (Special) to use_no_semi.o(.text) for __I$use$semihosting
    sys_wrch.o(.text) refers (Special) to indicate_semi.o(.text) for __semihosting_library_function
    defsig.o(CL$$defsig) refers to defsig_rtmem_inner.o(.text) for __rt_SIGRTMEM_inner
    defsig_abrt_inner.o(.text) refers to defsig_general.o(.text) for __default_signal_display
    defsig_fpe_inner.o(.text) refers to defsig_general.o(.text) for __default_signal_display
    defsig_rtred_inner.o(.text) refers to defsig_general.o(.text) for __default_signal_display
    defsig_stak_inner.o(.text) refers to defsig_general.o(.text) for __default_signal_display
    defsig_pvfn_inner.o(.text) refers to defsig_general.o(.text) for __default_signal_display
    defsig_cppl_inner.o(.text) refers to defsig_general.o(.text) for __default_signal_display
    defsig_segv_inner.o(.text) refers to defsig_general.o(.text) for __default_signal_display
    defsig_other.o(.text) refers to defsig_general.o(.text) for __default_signal_display


==============================================================================

Removing Unused input sections from the image.

    Removing sample.o(.rev16_text), (4 bytes).
    Removing sample.o(.revsh_text), (4 bytes).
    Removing core_cm3.o(.emb_text), (32 bytes).
    Removing system_lpc17xx.o(.rev16_text), (4 bytes).
    Removing system_lpc17xx.o(.revsh_text), (4 bytes).
    Removing funct_led.o(.rev16_text), (4 bytes).
    Removing funct_led.o(.revsh_text), (4 bytes).
    Removing lib_led.o(.rev16_text), (4 bytes).
    Removing lib_led.o(.revsh_text), (4 bytes).
    Removing irq_button.o(.rev16_text), (4 bytes).
    Removing irq_button.o(.revsh_text), (4 bytes).
    Removing lib_button.o(.rev16_text), (4 bytes).
    Removing lib_button.o(.revsh_text), (4 bytes).
    Removing irq_timer.o(.rev16_text), (4 bytes).
    Removing irq_timer.o(.revsh_text), (4 bytes).
    Removing lib_timer.o(.rev16_text), (4 bytes).
    Removing lib_timer.o(.revsh_text), (4 bytes).
    Removing irq_rit.o(.rev16_text), (4 bytes).
    Removing irq_rit.o(.revsh_text), (4 bytes).
    Removing lib_rit.o(.rev16_text), (4 bytes).
    Removing lib_rit.o(.revsh_text), (4 bytes).
    Removing funct_joystick.o(.rev16_text), (4 bytes).
    Removing funct_joystick.o(.revsh_text), (4 bytes).
    Removing funct_joystick.o(.text), (12 bytes).
    Removing lib_joystick.o(.rev16_text), (4 bytes).
    Removing lib_joystick.o(.revsh_text), (4 bytes).
    Removing lib_dac.o(.rev16_text), (4 bytes).
    Removing lib_dac.o(.revsh_text), (4 bytes).
    Removing irq_adc.o(.rev16_text), (4 bytes).
    Removing irq_adc.o(.revsh_text), (4 bytes).
    Removing lib_adc.o(.rev16_text), (4 bytes).
    Removing lib_adc.o(.revsh_text), (4 bytes).
    Removing glcd.o(.rev16_text), (4 bytes).
    Removing glcd.o(.revsh_text), (4 bytes).
    Removing hzlib.o(.text), (52 bytes).
    Removing hzlib.o(.constdata), (216576 bytes).
    Removing touchpanel.o(.rev16_text), (4 bytes).
    Removing touchpanel.o(.revsh_text), (4 bytes).

38 unused section(s) (total 216808 bytes) removed from the image.

==============================================================================

Image Symbol Table

    Local Symbols

    Symbol Name                              Value     Ov Type        Size  Object(Section)

    RESET                                    0x00000000   Section      204  startup_lpc17xx.o(RESET)
    ../clib/angel/boardlib.s                 0x00000000   Number         0  boardinit1.o ABSOLUTE
    ../clib/angel/boardlib.s                 0x00000000   Number         0  boardinit2.o ABSOLUTE
    ../clib/angel/boardlib.s                 0x00000000   Number         0  boardinit3.o ABSOLUTE
    ../clib/angel/boardlib.s                 0x00000000   Number         0  boardshut.o ABSOLUTE
    ../clib/angel/dczerorl.s                 0x00000000   Number         0  __dczerorl.o ABSOLUTE
    ../clib/angel/handlers.s                 0x00000000   Number         0  __scatter_zi.o ABSOLUTE
    ../clib/angel/kernel.s                   0x00000000   Number         0  __rtentry2.o ABSOLUTE
    ../clib/angel/kernel.s                   0x00000000   Number         0  __rtentry.o ABSOLUTE
    ../clib/angel/kernel.s                   0x00000000   Number         0  rtexit2.o ABSOLUTE
    ../clib/angel/kernel.s                   0x00000000   Number         0  __rtentry4.o ABSOLUTE
    ../clib/angel/kernel.s                   0x00000000   Number         0  rtexit.o ABSOLUTE
    ../clib/angel/rt.s                       0x00000000   Number         0  rt_raise.o ABSOLUTE
    ../clib/angel/scatter.s                  0x00000000   Number         0  __scatter.o ABSOLUTE
    ../clib/angel/startup.s                  0x00000000   Number         0  __main.o ABSOLUTE
    ../clib/angel/sys.s                      0x00000000   Number         0  sys_stackheap_outer.o ABSOLUTE
    ../clib/angel/sys.s                      0x00000000   Number         0  libspace.o ABSOLUTE
    ../clib/angel/sys.s                      0x00000000   Number         0  indicate_semi.o ABSOLUTE
    ../clib/angel/sys.s                      0x00000000   Number         0  use_no_semi.o ABSOLUTE
    ../clib/angel/sysapp.c                   0x00000000   Number         0  sys_exit.o ABSOLUTE
    ../clib/angel/sysapp.c                   0x00000000   Number         0  sys_command.o ABSOLUTE
    ../clib/angel/sysapp.c                   0x00000000   Number         0  sys_wrch.o ABSOLUTE
    ../clib/armsys.c                         0x00000000   Number         0  argv_veneer.o ABSOLUTE
    ../clib/armsys.c                         0x00000000   Number         0  argv_veneer.o ABSOLUTE
    ../clib/armsys.c                         0x00000000   Number         0  _get_argv_nomalloc.o ABSOLUTE
    ../clib/armsys.c                         0x00000000   Number         0  no_argv.o ABSOLUTE
    ../clib/heapalloc.c                      0x00000000   Number         0  hrguard.o ABSOLUTE
    ../clib/heapaux.c                        0x00000000   Number         0  heapauxi.o ABSOLUTE
    ../clib/libinit.s                        0x00000000   Number         0  libshutdown.o ABSOLUTE
    ../clib/libinit.s                        0x00000000   Number         0  libinit.o ABSOLUTE
    ../clib/libinit.s                        0x00000000   Number         0  libinit2.o ABSOLUTE
    ../clib/libinit.s                        0x00000000   Number         0  libshutdown2.o ABSOLUTE
    ../clib/memcpset.s                       0x00000000   Number         0  rt_memcpy_w.o ABSOLUTE
    ../clib/memcpset.s                       0x00000000   Number         0  rt_memcpy_v6.o ABSOLUTE
    ../clib/memcpset.s                       0x00000000   Number         0  rt_memclr_w.o ABSOLUTE
    ../clib/signal.c                         0x00000000   Number         0  defsig_rtmem_formal.o ABSOLUTE
    ../clib/signal.c                         0x00000000   Number         0  defsig_stak_inner.o ABSOLUTE
    ../clib/signal.c                         0x00000000   Number         0  defsig_rtred_inner.o ABSOLUTE
    ../clib/signal.c                         0x00000000   Number         0  defsig_pvfn_inner.o ABSOLUTE
    ../clib/signal.c                         0x00000000   Number         0  defsig_cppl_inner.o ABSOLUTE
    ../clib/signal.c                         0x00000000   Number         0  defsig_fpe_inner.o ABSOLUTE
    ../clib/signal.c                         0x00000000   Number         0  defsig_abrt_inner.o ABSOLUTE
    ../clib/signal.c                         0x00000000   Number         0  defsig_segv_inner.o ABSOLUTE
    ../clib/signal.c                         0x00000000   Number         0  defsig_general.o ABSOLUTE
    ../clib/signal.c                         0x00000000   Number         0  defsig_rtmem_outer.o ABSOLUTE
    ../clib/signal.c                         0x00000000   Number         0  defsig_other.o ABSOLUTE
    ../clib/signal.c                         0x00000000   Number         0  __raise.o ABSOLUTE
    ../clib/signal.c                         0x00000000   Number         0  defsig_rtmem_inner.o ABSOLUTE
    ../clib/signal.c                         0x00000000   Number         0  defsig_exit.o ABSOLUTE
    ../clib/signal.s                         0x00000000   Number         0  defsig.o ABSOLUTE
    ../clib/stdlib.c                         0x00000000   Number         0  exit.o ABSOLUTE
    ../fplib/daddsub.s                       0x00000000   Number         0  daddsub_clz.o ABSOLUTE
    ../fplib/dcmpi.s                         0x00000000   Number         0  dcmpi.o ABSOLUTE
    ../fplib/ddiv.s                          0x00000000   Number         0  ddiv.o ABSOLUTE
    ../fplib/deqf.s                          0x00000000   Number         0  deqf.o ABSOLUTE
    ../fplib/dfixu.s                         0x00000000   Number         0  dfixu.o ABSOLUTE
    ../fplib/dflt.s                          0x00000000   Number         0  dflt_clz.o ABSOLUTE
    ../fplib/dmul.s                          0x00000000   Number         0  dmul.o ABSOLUTE
    ../fplib/dnaninf.s                       0x00000000   Number         0  dnaninf.o ABSOLUTE
    ../fplib/dretinf.s                       0x00000000   Number         0  dretinf.o ABSOLUTE
    ../fplib/fpinit.s                        0x00000000   Number         0  fpinit.o ABSOLUTE
    ../fplib/usenofp.s                       0x00000000   Number         0  usenofp.o ABSOLUTE
    GLCD\AsciiLib.c                          0x00000000   Number         0  asciilib.o ABSOLUTE
    GLCD\GLCD.c                              0x00000000   Number         0  glcd.o ABSOLUTE
    GLCD\HzLib.c                             0x00000000   Number         0  hzlib.o ABSOLUTE
    GLCD\\GLCD.c                             0x00000000   Number         0  glcd.o ABSOLUTE
    RIT\IRQ_RIT.c                            0x00000000   Number         0  irq_rit.o ABSOLUTE
    RIT\\IRQ_RIT.c                           0x00000000   Number         0  irq_rit.o ABSOLUTE
    RIT\\lib_RIT.c                           0x00000000   Number         0  lib_rit.o ABSOLUTE
    RIT\lib_RIT.c                            0x00000000   Number         0  lib_rit.o ABSOLUTE
    TouchPanel\TouchPanel.c                  0x00000000   Number         0  touchpanel.o ABSOLUTE
    TouchPanel\\TouchPanel.c                 0x00000000   Number         0  touchpanel.o ABSOLUTE
    adc\IRQ_adc.c                            0x00000000   Number         0  irq_adc.o ABSOLUTE
    adc\\IRQ_adc.c                           0x00000000   Number         0  irq_adc.o ABSOLUTE
    adc\\lib_adc.c                           0x00000000   Number         0  lib_adc.o ABSOLUTE
    adc\lib_adc.c                            0x00000000   Number         0  lib_adc.o ABSOLUTE
    button_EXINT\IRQ_button.c                0x00000000   Number         0  irq_button.o ABSOLUTE
    button_EXINT\\IRQ_button.c               0x00000000   Number         0  irq_button.o ABSOLUTE
    button_EXINT\\lib_button.c               0x00000000   Number         0  lib_button.o ABSOLUTE
    button_EXINT\lib_button.c                0x00000000   Number         0  lib_button.o ABSOLUTE
    core_cm3.c                               0x00000000   Number         0  core_cm3.o ABSOLUTE
    core_cm3.c                               0x00000000   Number         0  core_cm3.o ABSOLUTE
    dac\\lib_dac.c                           0x00000000   Number         0  lib_dac.o ABSOLUTE
    dac\lib_dac.c                            0x00000000   Number         0  lib_dac.o ABSOLUTE
    dc.s                                     0x00000000   Number         0  dc.o ABSOLUTE
    joystick\\funct_joystick.c               0x00000000   Number         0  funct_joystick.o ABSOLUTE
    joystick\\lib_joystick.c                 0x00000000   Number         0  lib_joystick.o ABSOLUTE
    joystick\funct_joystick.c                0x00000000   Number         0  funct_joystick.o ABSOLUTE
    joystick\lib_joystick.c                  0x00000000   Number         0  lib_joystick.o ABSOLUTE
    led\\funct_led.c                         0x00000000   Number         0  funct_led.o ABSOLUTE
    led\\lib_led.c                           0x00000000   Number         0  lib_led.o ABSOLUTE
    led\funct_led.c                          0x00000000   Number         0  funct_led.o ABSOLUTE
    led\lib_led.c                            0x00000000   Number         0  lib_led.o ABSOLUTE
    sample.c                                 0x00000000   Number         0  sample.o ABSOLUTE
    sample.c                                 0x00000000   Number         0  sample.o ABSOLUTE
    startup_LPC17xx.s                        0x00000000   Number         0  startup_lpc17xx.o ABSOLUTE
    system_LPC17xx.c                         0x00000000   Number         0  system_lpc17xx.o ABSOLUTE
    system_LPC17xx.c                         0x00000000   Number         0  system_lpc17xx.o ABSOLUTE
    timer\IRQ_timer.c                        0x00000000   Number         0  irq_timer.o ABSOLUTE
    timer\\IRQ_timer.c                       0x00000000   Number         0  irq_timer.o ABSOLUTE
    timer\\lib_timer.c                       0x00000000   Number         0  lib_timer.o ABSOLUTE
    timer\lib_timer.c                        0x00000000   Number         0  lib_timer.o ABSOLUTE
    !!!main                                  0x000000cc   Section        8  __main.o(!!!main)
    !!!scatter                               0x000000d4   Section       52  __scatter.o(!!!scatter)
    !!dczerorl                               0x00000108   Section       58  __dczerorl.o(!!dczerorl)
    !!handler_zi                             0x00000144   Section       28  __scatter_zi.o(!!handler_zi)
    .ARM.Collect$$libinit$$00000000          0x00000160   Section        2  libinit.o(.ARM.Collect$$libinit$$00000000)
    .ARM.Collect$$libinit$$00000002          0x00000162   Section        0  libinit2.o(.ARM.Collect$$libinit$$00000002)
    .ARM.Collect$$libinit$$00000004          0x00000162   Section        0  libinit2.o(.ARM.Collect$$libinit$$00000004)
    .ARM.Collect$$libinit$$0000000A          0x00000162   Section        0  libinit2.o(.ARM.Collect$$libinit$$0000000A)
    .ARM.Collect$$libinit$$0000000C          0x00000162   Section        0  libinit2.o(.ARM.Collect$$libinit$$0000000C)
    .ARM.Collect$$libinit$$0000000E          0x00000162   Section        0  libinit2.o(.ARM.Collect$$libinit$$0000000E)
    .ARM.Collect$$libinit$$00000011          0x00000162   Section        0  libinit2.o(.ARM.Collect$$libinit$$00000011)
    .ARM.Collect$$libinit$$00000013          0x00000162   Section        0  libinit2.o(.ARM.Collect$$libinit$$00000013)
    .ARM.Collect$$libinit$$00000015          0x00000162   Section        0  libinit2.o(.ARM.Collect$$libinit$$00000015)
    .ARM.Collect$$libinit$$00000017          0x00000162   Section        0  libinit2.o(.ARM.Collect$$libinit$$00000017)
    .ARM.Collect$$libinit$$00000019          0x00000162   Section        0  libinit2.o(.ARM.Collect$$libinit$$00000019)
    .ARM.Collect$$libinit$$0000001B          0x00000162   Section        0  libinit2.o(.ARM.Collect$$libinit$$0000001B)
    .ARM.Collect$$libinit$$0000001D          0x00000162   Section        0  libinit2.o(.ARM.Collect$$libinit$$0000001D)
    .ARM.Collect$$libinit$$0000001F          0x00000162   Section        0  libinit2.o(.ARM.Collect$$libinit$$0000001F)
    .ARM.Collect$$libinit$$00000021          0x00000162   Section        0  libinit2.o(.ARM.Collect$$libinit$$00000021)
    .ARM.Collect$$libinit$$00000023          0x00000162   Section        0  libinit2.o(.ARM.Collect$$libinit$$00000023)
    .ARM.Collect$$libinit$$00000025          0x00000162   Section        0  libinit2.o(.ARM.Collect$$libinit$$00000025)
    .ARM.Collect$$libinit$$0000002C          0x00000162   Section        0  libinit2.o(.ARM.Collect$$libinit$$0000002C)
    .ARM.Collect$$libinit$$0000002E          0x00000162   Section        0  libinit2.o(.ARM.Collect$$libinit$$0000002E)
    .ARM.Collect$$libinit$$00000030          0x00000162   Section        0  libinit2.o(.ARM.Collect$$libinit$$00000030)
    .ARM.Collect$$libinit$$00000032          0x00000162   Section        0  libinit2.o(.ARM.Collect$$libinit$$00000032)
    .ARM.Collect$$libinit$$00000033          0x00000162   Section        2  libinit2.o(.ARM.Collect$$libinit$$00000033)
    .ARM.Collect$$libshutdown$$00000000      0x00000164   Section        2  libshutdown.o(.ARM.Collect$$libshutdown$$00000000)
    .ARM.Collect$$libshutdown$$00000002      0x00000166   Section        0  libshutdown2.o(.ARM.Collect$$libshutdown$$00000002)
    .ARM.Collect$$libshutdown$$00000004      0x00000166   Section        0  libshutdown2.o(.ARM.Collect$$libshutdown$$00000004)
    .ARM.Collect$$libshutdown$$00000007      0x00000166   Section        0  libshutdown2.o(.ARM.Collect$$libshutdown$$00000007)
    .ARM.Collect$$libshutdown$$0000000A      0x00000166   Section        0  libshutdown2.o(.ARM.Collect$$libshutdown$$0000000A)
    .ARM.Collect$$libshutdown$$0000000C      0x00000166   Section        0  libshutdown2.o(.ARM.Collect$$libshutdown$$0000000C)
    .ARM.Collect$$libshutdown$$0000000F      0x00000166   Section        0  libshutdown2.o(.ARM.Collect$$libshutdown$$0000000F)
    .ARM.Collect$$libshutdown$$00000010      0x00000166   Section        2  libshutdown2.o(.ARM.Collect$$libshutdown$$00000010)
    .ARM.Collect$$rtentry$$00000000          0x00000168   Section        0  __rtentry.o(.ARM.Collect$$rtentry$$00000000)
    .ARM.Collect$$rtentry$$00000002          0x00000168   Section        0  __rtentry2.o(.ARM.Collect$$rtentry$$00000002)
    .ARM.Collect$$rtentry$$00000004          0x00000168   Section        6  __rtentry4.o(.ARM.Collect$$rtentry$$00000004)
    .ARM.Collect$$rtentry$$00000009          0x0000016e   Section        0  __rtentry2.o(.ARM.Collect$$rtentry$$00000009)
    .ARM.Collect$$rtentry$$0000000A          0x0000016e   Section        4  __rtentry2.o(.ARM.Collect$$rtentry$$0000000A)
    .ARM.Collect$$rtentry$$0000000C          0x00000172   Section        0  __rtentry2.o(.ARM.Collect$$rtentry$$0000000C)
    .ARM.Collect$$rtentry$$0000000D          0x00000172   Section        8  __rtentry2.o(.ARM.Collect$$rtentry$$0000000D)
    .ARM.Collect$$rtexit$$00000000           0x0000017a   Section        2  rtexit.o(.ARM.Collect$$rtexit$$00000000)
    .ARM.Collect$$rtexit$$00000002           0x0000017c   Section        0  rtexit2.o(.ARM.Collect$$rtexit$$00000002)
    .ARM.Collect$$rtexit$$00000003           0x0000017c   Section        4  rtexit2.o(.ARM.Collect$$rtexit$$00000003)
    .ARM.Collect$$rtexit$$00000004           0x00000180   Section        6  rtexit2.o(.ARM.Collect$$rtexit$$00000004)
    .text                                    0x00000188   Section       52  startup_lpc17xx.o(.text)
    .text                                    0x000001bc   Section        0  funct_led.o(.text)
    .text                                    0x00000228   Section        0  lib_led.o(.text)
    .text                                    0x00000268   Section        0  lib_rit.o(.text)
    .text                                    0x000002ec   Section        0  heapauxi.o(.text)
    .text                                    0x000002f4   Section        8  libspace.o(.text)
    .ARM.__at_0x02FC                         0x000002fc   Section        4  startup_lpc17xx.o(.ARM.__at_0x02FC)
    .text                                    0x00000300   Section        0  sample.o(.text)
    .text                                    0x00000a10   Section        0  system_lpc17xx.o(.text)
    .text                                    0x00000c3c   Section        0  irq_button.o(.text)
    NVIC_DisableIRQ                          0x00000ccd   Thumb Code    18  irq_button.o(.text)
    .text                                    0x00000d04   Section        0  lib_button.o(.text)
    NVIC_SetPriority                         0x00000d05   Thumb Code    32  lib_button.o(.text)
    NVIC_EnableIRQ                           0x00000da1   Thumb Code    22  lib_button.o(.text)
    .text                                    0x00000dcc   Section        0  irq_timer.o(.text)
    .text                                    0x0000121c   Section        0  lib_timer.o(.text)
    NVIC_EnableIRQ                           0x0000132b   Thumb Code    22  lib_timer.o(.text)
    .text                                    0x0000134c   Section        0  irq_rit.o(.text)
    NVIC_EnableIRQ                           0x00001a09   Thumb Code    22  irq_rit.o(.text)
    .text                                    0x00001a64   Section        0  lib_joystick.o(.text)
    .text                                    0x00001a88   Section        0  lib_dac.o(.text)
    .text                                    0x00001ac0   Section        0  irq_adc.o(.text)
    .text                                    0x00001b54   Section        0  lib_adc.o(.text)
    .text                                    0x00001bb0   Section        0  asciilib.o(.text)
    .text                                    0x00001bd0   Section        0  glcd.o(.text)
    LCD_Configuration                        0x00001bd1   Thumb Code    20  glcd.o(.text)
    wait_delay                               0x00001be5   Thumb Code    12  glcd.o(.text)
    LCD_SetCursor                            0x00001bf1   Thumb Code  1356  glcd.o(.text)
    delay_ms                                 0x0000213d   Thumb Code    30  glcd.o(.text)
    LCD_BGR2RGB                              0x00005639   Thumb Code    26  glcd.o(.text)
    .text                                    0x00005cb4   Section        0  touchpanel.o(.text)
    ADS7843_SPI_Init                         0x00005cc5   Thumb Code   128  touchpanel.o(.text)
    DelayUS                                  0x00005d63   Thumb Code    28  touchpanel.o(.text)
    WR_CMD                                   0x00005d7f   Thumb Code    56  touchpanel.o(.text)
    RD_AD                                    0x00005db7   Thumb Code    44  touchpanel.o(.text)
    .text                                    0x000064d0   Section      138  rt_memcpy_v6.o(.text)
    .text                                    0x0000655a   Section       78  rt_memclr_w.o(.text)
    .text                                    0x000065a8   Section      100  rt_memcpy_w.o(.text)
    .text                                    0x0000660c   Section       74  sys_stackheap_outer.o(.text)
    .text                                    0x00006656   Section        0  exit.o(.text)
    .text                                    0x00006668   Section        0  sys_exit.o(.text)
    .text                                    0x00006674   Section        2  use_no_semi.o(.text)
    .text                                    0x00006676   Section        0  indicate_semi.o(.text)
    x$fpl$dadd                               0x00006678   Section      336  daddsub_clz.o(x$fpl$dadd)
    _dadd1                                   0x00006689   Thumb Code     0  daddsub_clz.o(x$fpl$dadd)
    x$fpl$dcmpinf                            0x000067c8   Section       24  dcmpi.o(x$fpl$dcmpinf)
    x$fpl$ddiv                               0x000067e0   Section      688  ddiv.o(x$fpl$ddiv)
    ddiv_entry                               0x000067e7   Thumb Code     0  ddiv.o(x$fpl$ddiv)
    x$fpl$deqf                               0x00006a90   Section      120  deqf.o(x$fpl$deqf)
    x$fpl$dfixu                              0x00006b08   Section       90  dfixu.o(x$fpl$dfixu)
    x$fpl$dflt                               0x00006b62   Section       46  dflt_clz.o(x$fpl$dflt)
    x$fpl$dfltu                              0x00006b90   Section       38  dflt_clz.o(x$fpl$dfltu)
    x$fpl$dmul                               0x00006bb8   Section      340  dmul.o(x$fpl$dmul)
    x$fpl$dnaninf                            0x00006d0c   Section      156  dnaninf.o(x$fpl$dnaninf)
    x$fpl$dretinf                            0x00006da8   Section       12  dretinf.o(x$fpl$dretinf)
    x$fpl$dsub                               0x00006db4   Section      468  daddsub_clz.o(x$fpl$dsub)
    _dsub1                                   0x00006dc5   Thumb Code     0  daddsub_clz.o(x$fpl$dsub)
    .constdata                               0x00006f88   Section       32  funct_led.o(.constdata)
    x$fpl$usenofp                            0x00006f88   Section        0  usenofp.o(x$fpl$usenofp)
    .constdata                               0x00006fa8   Section     1520  asciilib.o(.constdata)
    AsciiLib                                 0x00006fa8   Data        1520  asciilib.o(.constdata)
    .conststring                             0x00007598   Section      206  sample.o(.conststring)
    .data                                    0x10000000   Section       80  sample.o(.data)
    .data                                    0x10000050   Section        4  system_lpc17xx.o(.data)
    .data                                    0x10000054   Section        1  lib_led.o(.data)
    .data                                    0x10000058   Section        4  irq_button.o(.data)
    .data                                    0x1000005c   Section      248  irq_timer.o(.data)
    ticks                                    0x10000148   Data           4  irq_timer.o(.data)
    ticks                                    0x1000014c   Data           4  irq_timer.o(.data)
    curNote                                  0x10000150   Data           4  irq_timer.o(.data)
    .data                                    0x10000154   Section       44  irq_rit.o(.data)
    pressed                                  0x10000174   Data           4  irq_rit.o(.data)
    hold                                     0x10000178   Data           4  irq_rit.o(.data)
    delay                                    0x1000017c   Data           4  irq_rit.o(.data)
    .data                                    0x10000180   Section        4  irq_adc.o(.data)
    .data                                    0x10000184   Section        1  glcd.o(.data)
    LCD_Code                                 0x10000184   Data           1  glcd.o(.data)
    .data                                    0x10000186   Section       20  touchpanel.o(.data)
    screen                                   0x10000196   Data           4  touchpanel.o(.data)
    .bss                                     0x100001a0   Section       68  touchpanel.o(.bss)
    .bss                                     0x100001e4   Section       96  libspace.o(.bss)
    HEAP                                     0x10000248   Section        0  startup_lpc17xx.o(HEAP)
    STACK                                    0x10000248   Section      512  startup_lpc17xx.o(STACK)
    Heap_Mem                                 0x10000248   Data           0  startup_lpc17xx.o(HEAP)
    Stack_Mem                                0x10000248   Data         512  startup_lpc17xx.o(STACK)
    __initial_sp                             0x10000448   Data           0  startup_lpc17xx.o(STACK)

    Global Symbols

    Symbol Name                              Value     Ov Type        Size  Object(Section)

    BuildAttributes$$THM_ISAv4$P$D$K$B$S$PE$A:L22UL41UL21$X:L11$S22US41US21$IEEE1$IW$USESV6$~STKCKD$USESV7$~SHL$OSPACE$ROPI$EBA8$UX$STANDARDLIB$REQ8$PRES8$EABIv2 0x00000000   Number         0  anon$$obj.o ABSOLUTE
    __ARM_use_no_argv                        0x00000000   Number         0  sample.o ABSOLUTE
    __Vectors                                0x00000000   Data           4  startup_lpc17xx.o(RESET)
    __ARM_exceptions_init                     - Undefined Weak Reference
    __alloca_initialize                       - Undefined Weak Reference
    __arm_preinit_                            - Undefined Weak Reference
    __cpp_initialize__aeabi_                  - Undefined Weak Reference
    __cxa_finalize                            - Undefined Weak Reference
    __rt_locale                               - Undefined Weak Reference
    __sigvec_lookup                           - Undefined Weak Reference
    _atexit_init                              - Undefined Weak Reference
    _call_atexit_fns                          - Undefined Weak Reference
    _clock_init                               - Undefined Weak Reference
    _fp_trap_init                             - Undefined Weak Reference
    _fp_trap_shutdown                         - Undefined Weak Reference
    _get_lc_collate                           - Undefined Weak Reference
    _get_lc_ctype                             - Undefined Weak Reference
    _get_lc_monetary                          - Undefined Weak Reference
    _get_lc_numeric                           - Undefined Weak Reference
    _get_lc_time                              - Undefined Weak Reference
    _getenv_init                              - Undefined Weak Reference
    _handle_redirection                       - Undefined Weak Reference
    _init_alloc                               - Undefined Weak Reference
    _init_user_alloc                          - Undefined Weak Reference
    _initio                                   - Undefined Weak Reference
    _rand_init                                - Undefined Weak Reference
    _signal_finish                            - Undefined Weak Reference
    _signal_init                              - Undefined Weak Reference
    _terminate_alloc                          - Undefined Weak Reference
    _terminate_user_alloc                     - Undefined Weak Reference
    _terminateio                              - Undefined Weak Reference
    __main                                   0x000000cd   Thumb Code     8  __main.o(!!!main)
    __scatterload                            0x000000d5   Thumb Code     0  __scatter.o(!!!scatter)
    __scatterload_rt2                        0x000000d5   Thumb Code    44  __scatter.o(!!!scatter)
    __scatterload_rt2_thumb_only             0x000000d5   Thumb Code     0  __scatter.o(!!!scatter)
    __scatterload_null                       0x000000e3   Thumb Code     0  __scatter.o(!!!scatter)
    __decompress                             0x00000109   Thumb Code    58  __dczerorl.o(!!dczerorl)
    __decompress0                            0x00000109   Thumb Code     0  __dczerorl.o(!!dczerorl)
    __scatterload_zeroinit                   0x00000145   Thumb Code    28  __scatter_zi.o(!!handler_zi)
    __rt_lib_init                            0x00000161   Thumb Code     0  libinit.o(.ARM.Collect$$libinit$$00000000)
    __rt_lib_init_alloca_1                   0x00000163   Thumb Code     0  libinit2.o(.ARM.Collect$$libinit$$0000002E)
    __rt_lib_init_argv_1                     0x00000163   Thumb Code     0  libinit2.o(.ARM.Collect$$libinit$$0000002C)
    __rt_lib_init_atexit_1                   0x00000163   Thumb Code     0  libinit2.o(.ARM.Collect$$libinit$$0000001B)
    __rt_lib_init_clock_1                    0x00000163   Thumb Code     0  libinit2.o(.ARM.Collect$$libinit$$00000021)
    __rt_lib_init_cpp_1                      0x00000163   Thumb Code     0  libinit2.o(.ARM.Collect$$libinit$$00000032)
    __rt_lib_init_exceptions_1               0x00000163   Thumb Code     0  libinit2.o(.ARM.Collect$$libinit$$00000030)
    __rt_lib_init_fp_1                       0x00000163   Thumb Code     0  libinit2.o(.ARM.Collect$$libinit$$00000002)
    __rt_lib_init_fp_trap_1                  0x00000163   Thumb Code     0  libinit2.o(.ARM.Collect$$libinit$$0000001F)
    __rt_lib_init_getenv_1                   0x00000163   Thumb Code     0  libinit2.o(.ARM.Collect$$libinit$$00000023)
    __rt_lib_init_heap_1                     0x00000163   Thumb Code     0  libinit2.o(.ARM.Collect$$libinit$$0000000A)
    __rt_lib_init_lc_collate_1               0x00000163   Thumb Code     0  libinit2.o(.ARM.Collect$$libinit$$00000011)
    __rt_lib_init_lc_ctype_1                 0x00000163   Thumb Code     0  libinit2.o(.ARM.Collect$$libinit$$00000013)
    __rt_lib_init_lc_monetary_1              0x00000163   Thumb Code     0  libinit2.o(.ARM.Collect$$libinit$$00000015)
    __rt_lib_init_lc_numeric_1               0x00000163   Thumb Code     0  libinit2.o(.ARM.Collect$$libinit$$00000017)
    __rt_lib_init_lc_time_1                  0x00000163   Thumb Code     0  libinit2.o(.ARM.Collect$$libinit$$00000019)
    __rt_lib_init_preinit_1                  0x00000163   Thumb Code     0  libinit2.o(.ARM.Collect$$libinit$$00000004)
    __rt_lib_init_rand_1                     0x00000163   Thumb Code     0  libinit2.o(.ARM.Collect$$libinit$$0000000E)
    __rt_lib_init_return                     0x00000163   Thumb Code     0  libinit2.o(.ARM.Collect$$libinit$$00000033)
    __rt_lib_init_signal_1                   0x00000163   Thumb Code     0  libinit2.o(.ARM.Collect$$libinit$$0000001D)
    __rt_lib_init_stdio_1                    0x00000163   Thumb Code     0  libinit2.o(.ARM.Collect$$libinit$$00000025)
    __rt_lib_init_user_alloc_1               0x00000163   Thumb Code     0  libinit2.o(.ARM.Collect$$libinit$$0000000C)
    __rt_lib_shutdown                        0x00000165   Thumb Code     0  libshutdown.o(.ARM.Collect$$libshutdown$$00000000)
    __rt_lib_shutdown_cpp_1                  0x00000167   Thumb Code     0  libshutdown2.o(.ARM.Collect$$libshutdown$$00000002)
    __rt_lib_shutdown_fp_trap_1              0x00000167   Thumb Code     0  libshutdown2.o(.ARM.Collect$$libshutdown$$00000007)
    __rt_lib_shutdown_heap_1                 0x00000167   Thumb Code     0  libshutdown2.o(.ARM.Collect$$libshutdown$$0000000F)
    __rt_lib_shutdown_return                 0x00000167   Thumb Code     0  libshutdown2.o(.ARM.Collect$$libshutdown$$00000010)
    __rt_lib_shutdown_signal_1               0x00000167   Thumb Code     0  libshutdown2.o(.ARM.Collect$$libshutdown$$0000000A)
    __rt_lib_shutdown_stdio_1                0x00000167   Thumb Code     0  libshutdown2.o(.ARM.Collect$$libshutdown$$00000004)
    __rt_lib_shutdown_user_alloc_1           0x00000167   Thumb Code     0  libshutdown2.o(.ARM.Collect$$libshutdown$$0000000C)
    __rt_entry                               0x00000169   Thumb Code     0  __rtentry.o(.ARM.Collect$$rtentry$$00000000)
    __rt_entry_presh_1                       0x00000169   Thumb Code     0  __rtentry2.o(.ARM.Collect$$rtentry$$00000002)
    __rt_entry_sh                            0x00000169   Thumb Code     0  __rtentry4.o(.ARM.Collect$$rtentry$$00000004)
    __rt_entry_li                            0x0000016f   Thumb Code     0  __rtentry2.o(.ARM.Collect$$rtentry$$0000000A)
    __rt_entry_postsh_1                      0x0000016f   Thumb Code     0  __rtentry2.o(.ARM.Collect$$rtentry$$00000009)
    __rt_entry_main                          0x00000173   Thumb Code     0  __rtentry2.o(.ARM.Collect$$rtentry$$0000000D)
    __rt_entry_postli_1                      0x00000173   Thumb Code     0  __rtentry2.o(.ARM.Collect$$rtentry$$0000000C)
    __rt_exit                                0x0000017b   Thumb Code     0  rtexit.o(.ARM.Collect$$rtexit$$00000000)
    __rt_exit_ls                             0x0000017d   Thumb Code     0  rtexit2.o(.ARM.Collect$$rtexit$$00000003)
    __rt_exit_prels_1                        0x0000017d   Thumb Code     0  rtexit2.o(.ARM.Collect$$rtexit$$00000002)
    __rt_exit_exit                           0x00000181   Thumb Code     0  rtexit2.o(.ARM.Collect$$rtexit$$00000004)
    Reset_Handler                            0x00000189   Thumb Code     4  startup_lpc17xx.o(.text)
    NMI_Handler                              0x0000018d   Thumb Code     2  startup_lpc17xx.o(.text)
    HardFault_Handler                        0x0000018f   Thumb Code     2  startup_lpc17xx.o(.text)
    MemManage_Handler                        0x00000191   Thumb Code     2  startup_lpc17xx.o(.text)
    BusFault_Handler                         0x00000193   Thumb Code     2  startup_lpc17xx.o(.text)
    UsageFault_Handler                       0x00000195   Thumb Code     2  startup_lpc17xx.o(.text)
    SVC_Handler                              0x00000197   Thumb Code     2  startup_lpc17xx.o(.text)
    DebugMon_Handler                         0x00000199   Thumb Code     2  startup_lpc17xx.o(.text)
    PendSV_Handler                           0x0000019b   Thumb Code     2  startup_lpc17xx.o(.text)
    SysTick_Handler                          0x0000019d   Thumb Code     2  startup_lpc17xx.o(.text)
    BOD_IRQHandler                           0x0000019f   Thumb Code     0  startup_lpc17xx.o(.text)
    CANActivity_IRQHandler                   0x0000019f   Thumb Code     0  startup_lpc17xx.o(.text)
    CAN_IRQHandler                           0x0000019f   Thumb Code     0  startup_lpc17xx.o(.text)
    DMA_IRQHandler                           0x0000019f   Thumb Code     0  startup_lpc17xx.o(.text)
    EINT3_IRQHandler                         0x0000019f   Thumb Code     0  startup_lpc17xx.o(.text)
    ENET_IRQHandler                          0x0000019f   Thumb Code     0  startup_lpc17xx.o(.text)
    I2C0_IRQHandler                          0x0000019f   Thumb Code     0  startup_lpc17xx.o(.text)
    I2C1_IRQHandler                          0x0000019f   Thumb Code     0  startup_lpc17xx.o(.text)
    I2C2_IRQHandler                          0x0000019f   Thumb Code     0  startup_lpc17xx.o(.text)
    I2S_IRQHandler                           0x0000019f   Thumb Code     0  startup_lpc17xx.o(.text)
    MCPWM_IRQHandler                         0x0000019f   Thumb Code     0  startup_lpc17xx.o(.text)
    PLL0_IRQHandler                          0x0000019f   Thumb Code     0  startup_lpc17xx.o(.text)
    PLL1_IRQHandler                          0x0000019f   Thumb Code     0  startup_lpc17xx.o(.text)
    PWM1_IRQHandler                          0x0000019f   Thumb Code     0  startup_lpc17xx.o(.text)
    QEI_IRQHandler                           0x0000019f   Thumb Code     0  startup_lpc17xx.o(.text)
    RTC_IRQHandler                           0x0000019f   Thumb Code     0  startup_lpc17xx.o(.text)
    SPI_IRQHandler                           0x0000019f   Thumb Code     0  startup_lpc17xx.o(.text)
    SSP0_IRQHandler                          0x0000019f   Thumb Code     0  startup_lpc17xx.o(.text)
    SSP1_IRQHandler                          0x0000019f   Thumb Code     0  startup_lpc17xx.o(.text)
    UART0_IRQHandler                         0x0000019f   Thumb Code     0  startup_lpc17xx.o(.text)
    UART1_IRQHandler                         0x0000019f   Thumb Code     0  startup_lpc17xx.o(.text)
    UART2_IRQHandler                         0x0000019f   Thumb Code     0  startup_lpc17xx.o(.text)
    UART3_IRQHandler                         0x0000019f   Thumb Code     0  startup_lpc17xx.o(.text)
    USBActivity_IRQHandler                   0x0000019f   Thumb Code     0  startup_lpc17xx.o(.text)
    USB_IRQHandler                           0x0000019f   Thumb Code     0  startup_lpc17xx.o(.text)
    WDT_IRQHandler                           0x0000019f   Thumb Code     0  startup_lpc17xx.o(.text)
    __user_initial_stackheap                 0x000001a1   Thumb Code     0  startup_lpc17xx.o(.text)
    LED_On                                   0x000001bd   Thumb Code    26  funct_led.o(.text)
    LED_Off                                  0x000001d7   Thumb Code    26  funct_led.o(.text)
    LED_Out                                  0x000001f1   Thumb Code    42  funct_led.o(.text)
    LED_init                                 0x00000229   Thumb Code    36  lib_led.o(.text)
    LED_deinit                               0x0000024d   Thumb Code    14  lib_led.o(.text)
    enable_RIT                               0x00000269   Thumb Code    14  lib_rit.o(.text)
    disable_RIT                              0x00000277   Thumb Code    14  lib_rit.o(.text)
    reset_RIT                                0x00000285   Thumb Code     8  lib_rit.o(.text)
    init_RIT                                 0x0000028d   Thumb Code    82  lib_rit.o(.text)
    __use_two_region_memory                  0x000002ed   Thumb Code     2  heapauxi.o(.text)
    __rt_heap_escrow$2region                 0x000002ef   Thumb Code     2  heapauxi.o(.text)
    __rt_heap_expand$2region                 0x000002f1   Thumb Code     2  heapauxi.o(.text)
    __user_libspace                          0x000002f5   Thumb Code     8  libspace.o(.text)
    __user_perproc_libspace                  0x000002f5   Thumb Code     0  libspace.o(.text)
    __user_perthread_libspace                0x000002f5   Thumb Code     0  libspace.o(.text)
    DrawPanelMaintenance                     0x00000301   Thumb Code   264  sample.o(.text)
    main                                     0x00000409   Thumb Code   126  sample.o(.text)
    MoveToFloor                              0x00000487   Thumb Code   130  sample.o(.text)
    ResetTimerProxy                          0x00000509   Thumb Code    18  sample.o(.text)
    LED_On_Proxy                             0x0000051b   Thumb Code    12  sample.o(.text)
    LED_Off_Proxy                            0x00000527   Thumb Code    12  sample.o(.text)
    EnableTimerReposition                    0x00000533   Thumb Code    28  sample.o(.text)
    EnableTimerWait                          0x0000054f   Thumb Code    24  sample.o(.text)
    EnableTimerAlarm                         0x00000567   Thumb Code    30  sample.o(.text)
    DrawPanel                                0x00000585   Thumb Code   518  sample.o(.text)
    FocusElement                             0x0000078b   Thumb Code   640  sample.o(.text)
    SystemInit                               0x00000a11   Thumb Code   526  system_lpc17xx.o(.text)
    EINT0_IRQHandler                         0x00000c3d   Thumb Code    48  irq_button.o(.text)
    EINT1_IRQHandler                         0x00000c6d   Thumb Code    48  irq_button.o(.text)
    EINT2_IRQHandler                         0x00000c9d   Thumb Code    48  irq_button.o(.text)
    BUTTON_init                              0x00000d25   Thumb Code   124  lib_button.o(.text)
    Blink5Hz                                 0x00000dcd   Thumb Code    46  irq_timer.o(.text)
    PauseTimerBlink                          0x00000dfb   Thumb Code    10  irq_timer.o(.text)
    ResumeTimerBlink                         0x00000e05   Thumb Code    10  irq_timer.o(.text)
    TIMER0_IRQHandler                        0x00000e0f   Thumb Code   214  irq_timer.o(.text)
    Blink4Hz                                 0x00000ee5   Thumb Code    46  irq_timer.o(.text)
    TIMER1_IRQHandler                        0x00000f13   Thumb Code   156  irq_timer.o(.text)
    TIMER2_IRQHandler                        0x00000faf   Thumb Code   286  irq_timer.o(.text)
    StartBell                                0x000010cd   Thumb Code    26  irq_timer.o(.text)
    TIMER3_IRQHandler                        0x000010e7   Thumb Code   182  irq_timer.o(.text)
    Blink2Hz                                 0x0000119d   Thumb Code   126  irq_timer.o(.text)
    enable_timer                             0x0000121d   Thumb Code    48  lib_timer.o(.text)
    disable_timer                            0x0000124d   Thumb Code    48  lib_timer.o(.text)
    reset_timer                              0x0000127d   Thumb Code    66  lib_timer.o(.text)
    init_timer                               0x000012bf   Thumb Code   108  lib_timer.o(.text)
    RIT_IRQHandler                           0x0000134d   Thumb Code  1724  irq_rit.o(.text)
    joystick_init                            0x00001a65   Thumb Code    26  lib_joystick.o(.text)
    DAC_init                                 0x00001a89   Thumb Code    36  lib_dac.o(.text)
    DAC_convert                              0x00001aad   Thumb Code     6  lib_dac.o(.text)
    ADC_IRQHandler                           0x00001ac1   Thumb Code   120  irq_adc.o(.text)
    ADC_init                                 0x00001b55   Thumb Code    60  lib_adc.o(.text)
    ADC_start_conversion                     0x00001b91   Thumb Code    14  lib_adc.o(.text)
    GetASCIICode                             0x00001bb1   Thumb Code    26  asciilib.o(.text)
    LCD_Initialization                       0x0000215b   Thumb Code 12014  glcd.o(.text)
    LCD_Clear                                0x00005049   Thumb Code  1520  glcd.o(.text)
    LCD_GetPoint                             0x00005653   Thumb Code   994  glcd.o(.text)
    LCD_SetPoint                             0x00005a35   Thumb Code   206  glcd.o(.text)
    LCD_DrawLine                             0x00005b03   Thumb Code   250  glcd.o(.text)
    PutChar                                  0x00005bfd   Thumb Code   100  glcd.o(.text)
    GUI_Text                                 0x00005c61   Thumb Code    80  glcd.o(.text)
    LPC17xx_SPI_SetSpeed                     0x00005cb5   Thumb Code    16  touchpanel.o(.text)
    TP_Init                                  0x00005d45   Thumb Code    30  touchpanel.o(.text)
    Read_X                                   0x00005de3   Thumb Code    42  touchpanel.o(.text)
    Read_Y                                   0x00005e0d   Thumb Code    42  touchpanel.o(.text)
    TP_GetAdXY                               0x00005e37   Thumb Code    34  touchpanel.o(.text)
    TP_DrawPoint                             0x00005e59   Thumb Code    20  touchpanel.o(.text)
    DrawCross                                0x00005e6d   Thumb Code   356  touchpanel.o(.text)
    Read_Ads7846                             0x00005fd1   Thumb Code   524  touchpanel.o(.text)
    setCalibrationMatrix                     0x000061dd   Thumb Code   356  touchpanel.o(.text)
    getDisplayPoint                          0x00006341   Thumb Code   238  touchpanel.o(.text)
    TouchPanel_Calibrate                     0x0000642f   Thumb Code   108  touchpanel.o(.text)
    __aeabi_memcpy                           0x000064d1   Thumb Code     0  rt_memcpy_v6.o(.text)
    __rt_memcpy                              0x000064d1   Thumb Code   138  rt_memcpy_v6.o(.text)
    _memcpy_lastbytes                        0x00006537   Thumb Code     0  rt_memcpy_v6.o(.text)
    __aeabi_memclr4                          0x0000655b   Thumb Code     0  rt_memclr_w.o(.text)
    __aeabi_memclr8                          0x0000655b   Thumb Code     0  rt_memclr_w.o(.text)
    __rt_memclr_w                            0x0000655b   Thumb Code    78  rt_memclr_w.o(.text)
    _memset_w                                0x0000655f   Thumb Code     0  rt_memclr_w.o(.text)
    __aeabi_memcpy4                          0x000065a9   Thumb Code     0  rt_memcpy_w.o(.text)
    __aeabi_memcpy8                          0x000065a9   Thumb Code     0  rt_memcpy_w.o(.text)
    __rt_memcpy_w                            0x000065a9   Thumb Code   100  rt_memcpy_w.o(.text)
    _memcpy_lastbytes_aligned                0x000065f1   Thumb Code     0  rt_memcpy_w.o(.text)
    __user_setup_stackheap                   0x0000660d   Thumb Code    74  sys_stackheap_outer.o(.text)
    exit                                     0x00006657   Thumb Code    18  exit.o(.text)
    _sys_exit                                0x00006669   Thumb Code     8  sys_exit.o(.text)
    __I$use$semihosting                      0x00006675   Thumb Code     0  use_no_semi.o(.text)
    __use_no_semihosting_swi                 0x00006675   Thumb Code     2  use_no_semi.o(.text)
    __semihosting_library_function           0x00006677   Thumb Code     0  indicate_semi.o(.text)
    __aeabi_dadd                             0x00006679   Thumb Code     0  daddsub_clz.o(x$fpl$dadd)
    _dadd                                    0x00006679   Thumb Code   332  daddsub_clz.o(x$fpl$dadd)
    __fpl_dcmp_Inf                           0x000067c9   Thumb Code    24  dcmpi.o(x$fpl$dcmpinf)
    __aeabi_ddiv                             0x000067e1   Thumb Code     0  ddiv.o(x$fpl$ddiv)
    _ddiv                                    0x000067e1   Thumb Code   552  ddiv.o(x$fpl$ddiv)
    __aeabi_cdcmpeq                          0x00006a91   Thumb Code     0  deqf.o(x$fpl$deqf)
    _dcmpeq                                  0x00006a91   Thumb Code   120  deqf.o(x$fpl$deqf)
    __aeabi_d2uiz                            0x00006b09   Thumb Code     0  dfixu.o(x$fpl$dfixu)
    _dfixu                                   0x00006b09   Thumb Code    90  dfixu.o(x$fpl$dfixu)
    __aeabi_i2d                              0x00006b63   Thumb Code     0  dflt_clz.o(x$fpl$dflt)
    _dflt                                    0x00006b63   Thumb Code    46  dflt_clz.o(x$fpl$dflt)
    __aeabi_ui2d                             0x00006b91   Thumb Code     0  dflt_clz.o(x$fpl$dfltu)
    _dfltu                                   0x00006b91   Thumb Code    38  dflt_clz.o(x$fpl$dfltu)
    __aeabi_dmul                             0x00006bb9   Thumb Code     0  dmul.o(x$fpl$dmul)
    _dmul                                    0x00006bb9   Thumb Code   332  dmul.o(x$fpl$dmul)
    __fpl_dnaninf                            0x00006d0d   Thumb Code   156  dnaninf.o(x$fpl$dnaninf)
    __fpl_dretinf                            0x00006da9   Thumb Code    12  dretinf.o(x$fpl$dretinf)
    __aeabi_dsub                             0x00006db5   Thumb Code     0  daddsub_clz.o(x$fpl$dsub)
    _dsub                                    0x00006db5   Thumb Code   464  daddsub_clz.o(x$fpl$dsub)
    __I$use$fp                               0x00006f88   Number         0  usenofp.o(x$fpl$usenofp)
    led_mask                                 0x00006f88   Data          32  funct_led.o(.constdata)
    Region$$Table$$Base                      0x00007668   Number         0  anon$$obj.o(Region$$Table)
    Region$$Table$$Limit                     0x00007688   Number         0  anon$$obj.o(Region$$Table)
    status_byte                              0x10000000   Data           1  sample.o(.data)
    position                                 0x10000004   Data           4  sample.o(.data)
    interval_number                          0x10000008   Data           4  sample.o(.data)
    speedup                                  0x1000000c   Data           4  sample.o(.data)
    maintenance                              0x10000010   Data           4  sample.o(.data)
    Note1                                    0x10000014   Data           4  sample.o(.data)
    Note2                                    0x10000018   Data           4  sample.o(.data)
    labels                                   0x1000001c   Data          52  sample.o(.data)
    SystemFrequency                          0x10000050   Data           4  system_lpc17xx.o(.data)
    led_value                                0x10000054   Data           1  lib_led.o(.data)
    block_alarm                              0x10000058   Data           4  irq_button.o(.data)
    i                                        0x1000005c   Data           4  irq_timer.o(.data)
    frequency                                0x10000060   Data          52  irq_timer.o(.data)
    SinTable                                 0x10000094   Data         180  irq_timer.o(.data)
    down1                                    0x10000154   Data           4  irq_rit.o(.data)
    down2                                    0x10000158   Data           4  irq_rit.o(.data)
    down0                                    0x1000015c   Data           4  irq_rit.o(.data)
    down0_supp                               0x10000160   Data           4  irq_rit.o(.data)
    sel                                      0x10000164   Data           4  irq_rit.o(.data)
    tmpNote1                                 0x10000168   Data           4  irq_rit.o(.data)
    tmpNote2                                 0x1000016c   Data           4  irq_rit.o(.data)
    count_2s                                 0x10000170   Data           4  irq_rit.o(.data)
    AD_current                               0x10000180   Data           2  irq_adc.o(.data)
    AD_last                                  0x10000182   Data           2  irq_adc.o(.data)
    display                                  0x10000186   Data           4  touchpanel.o(.data)
    DisplaySample                            0x1000018a   Data          12  touchpanel.o(.data)
    matrix                                   0x100001a0   Data          56  touchpanel.o(.bss)
    ScreenSample                             0x100001d8   Data          12  touchpanel.o(.bss)
    __libspace_start                         0x100001e4   Data          96  libspace.o(.bss)
    __temporary_stack_top$libspace           0x10000244   Data           0  libspace.o(.bss)



==============================================================================

Memory Map of the image

  Image Entry point : 0x000000cd

  Load Region LR_IROM1 (Base: 0x00000000, Size: 0x00007824, Max: 0x00080000, ABSOLUTE, COMPRESSED[0x00007758])

    Execution Region ER_IROM1 (Exec base: 0x00000000, Load base: 0x00000000, Size: 0x00007688, Max: 0x00080000, ABSOLUTE)

    Exec Addr    Load Addr    Size         Type   Attr      Idx    E Section Name        Object

    0x00000000   0x00000000   0x000000cc   Data   RO            3    RESET               startup_lpc17xx.o
    0x000000cc   0x000000cc   0x00000008   Code   RO          555  * !!!main             c_w.l(__main.o)
    0x000000d4   0x000000d4   0x00000034   Code   RO          747    !!!scatter          c_w.l(__scatter.o)
    0x00000108   0x00000108   0x0000003a   Code   RO          745    !!dczerorl          c_w.l(__dczerorl.o)
    0x00000142   0x00000142   0x00000002   PAD
    0x00000144   0x00000144   0x0000001c   Code   RO          749    !!handler_zi        c_w.l(__scatter_zi.o)
    0x00000160   0x00000160   0x00000002   Code   RO          615    .ARM.Collect$$libinit$$00000000  c_w.l(libinit.o)
    0x00000162   0x00000162   0x00000000   Code   RO          622    .ARM.Collect$$libinit$$00000002  c_w.l(libinit2.o)
    0x00000162   0x00000162   0x00000000   Code   RO          624    .ARM.Collect$$libinit$$00000004  c_w.l(libinit2.o)
    0x00000162   0x00000162   0x00000000   Code   RO          627    .ARM.Collect$$libinit$$0000000A  c_w.l(libinit2.o)
    0x00000162   0x00000162   0x00000000   Code   RO          629    .ARM.Collect$$libinit$$0000000C  c_w.l(libinit2.o)
    0x00000162   0x00000162   0x00000000   Code   RO          631    .ARM.Collect$$libinit$$0000000E  c_w.l(libinit2.o)
    0x00000162   0x00000162   0x00000000   Code   RO          634    .ARM.Collect$$libinit$$00000011  c_w.l(libinit2.o)
    0x00000162   0x00000162   0x00000000   Code   RO          636    .ARM.Collect$$libinit$$00000013  c_w.l(libinit2.o)
    0x00000162   0x00000162   0x00000000   Code   RO          638    .ARM.Collect$$libinit$$00000015  c_w.l(libinit2.o)
    0x00000162   0x00000162   0x00000000   Code   RO          640    .ARM.Collect$$libinit$$00000017  c_w.l(libinit2.o)
    0x00000162   0x00000162   0x00000000   Code   RO          642    .ARM.Collect$$libinit$$00000019  c_w.l(libinit2.o)
    0x00000162   0x00000162   0x00000000   Code   RO          644    .ARM.Collect$$libinit$$0000001B  c_w.l(libinit2.o)
    0x00000162   0x00000162   0x00000000   Code   RO          646    .ARM.Collect$$libinit$$0000001D  c_w.l(libinit2.o)
    0x00000162   0x00000162   0x00000000   Code   RO          648    .ARM.Collect$$libinit$$0000001F  c_w.l(libinit2.o)
    0x00000162   0x00000162   0x00000000   Code   RO          650    .ARM.Collect$$libinit$$00000021  c_w.l(libinit2.o)
    0x00000162   0x00000162   0x00000000   Code   RO          652    .ARM.Collect$$libinit$$00000023  c_w.l(libinit2.o)
    0x00000162   0x00000162   0x00000000   Code   RO          654    .ARM.Collect$$libinit$$00000025  c_w.l(libinit2.o)
    0x00000162   0x00000162   0x00000000   Code   RO          658    .ARM.Collect$$libinit$$0000002C  c_w.l(libinit2.o)
    0x00000162   0x00000162   0x00000000   Code   RO          660    .ARM.Collect$$libinit$$0000002E  c_w.l(libinit2.o)
    0x00000162   0x00000162   0x00000000   Code   RO          662    .ARM.Collect$$libinit$$00000030  c_w.l(libinit2.o)
    0x00000162   0x00000162   0x00000000   Code   RO          664    .ARM.Collect$$libinit$$00000032  c_w.l(libinit2.o)
    0x00000162   0x00000162   0x00000002   Code   RO          665    .ARM.Collect$$libinit$$00000033  c_w.l(libinit2.o)
    0x00000164   0x00000164   0x00000002   Code   RO          685    .ARM.Collect$$libshutdown$$00000000  c_w.l(libshutdown.o)
    0x00000166   0x00000166   0x00000000   Code   RO          698    .ARM.Collect$$libshutdown$$00000002  c_w.l(libshutdown2.o)
    0x00000166   0x00000166   0x00000000   Code   RO          700    .ARM.Collect$$libshutdown$$00000004  c_w.l(libshutdown2.o)
    0x00000166   0x00000166   0x00000000   Code   RO          703    .ARM.Collect$$libshutdown$$00000007  c_w.l(libshutdown2.o)
    0x00000166   0x00000166   0x00000000   Code   RO          706    .ARM.Collect$$libshutdown$$0000000A  c_w.l(libshutdown2.o)
    0x00000166   0x00000166   0x00000000   Code   RO          708    .ARM.Collect$$libshutdown$$0000000C  c_w.l(libshutdown2.o)
    0x00000166   0x00000166   0x00000000   Code   RO          711    .ARM.Collect$$libshutdown$$0000000F  c_w.l(libshutdown2.o)
    0x00000166   0x00000166   0x00000002   Code   RO          712    .ARM.Collect$$libshutdown$$00000010  c_w.l(libshutdown2.o)
    0x00000168   0x00000168   0x00000000   Code   RO          581    .ARM.Collect$$rtentry$$00000000  c_w.l(__rtentry.o)
    0x00000168   0x00000168   0x00000000   Code   RO          592    .ARM.Collect$$rtentry$$00000002  c_w.l(__rtentry2.o)
    0x00000168   0x00000168   0x00000006   Code   RO          604    .ARM.Collect$$rtentry$$00000004  c_w.l(__rtentry4.o)
    0x0000016e   0x0000016e   0x00000000   Code   RO          594    .ARM.Collect$$rtentry$$00000009  c_w.l(__rtentry2.o)
    0x0000016e   0x0000016e   0x00000004   Code   RO          595    .ARM.Collect$$rtentry$$0000000A  c_w.l(__rtentry2.o)
    0x00000172   0x00000172   0x00000000   Code   RO          597    .ARM.Collect$$rtentry$$0000000C  c_w.l(__rtentry2.o)
    0x00000172   0x00000172   0x00000008   Code   RO          598    .ARM.Collect$$rtentry$$0000000D  c_w.l(__rtentry2.o)
    0x0000017a   0x0000017a   0x00000002   Code   RO          619    .ARM.Collect$$rtexit$$00000000  c_w.l(rtexit.o)
    0x0000017c   0x0000017c   0x00000000   Code   RO          667    .ARM.Collect$$rtexit$$00000002  c_w.l(rtexit2.o)
    0x0000017c   0x0000017c   0x00000004   Code   RO          668    .ARM.Collect$$rtexit$$00000003  c_w.l(rtexit2.o)
    0x00000180   0x00000180   0x00000006   Code   RO          669    .ARM.Collect$$rtexit$$00000004  c_w.l(rtexit2.o)
    0x00000186   0x00000186   0x00000002   PAD
    0x00000188   0x00000188   0x00000034   Code   RO            5    .text               startup_lpc17xx.o
    0x000001bc   0x000001bc   0x0000006c   Code   RO          127    .text               funct_led.o
    0x00000228   0x00000228   0x00000040   Code   RO          158    .text               lib_led.o
    0x00000268   0x00000268   0x00000084   Code   RO          327    .text               lib_rit.o
    0x000002ec   0x000002ec   0x00000006   Code   RO          553    .text               c_w.l(heapauxi.o)
    0x000002f2   0x000002f2   0x00000002   PAD
    0x000002f4   0x000002f4   0x00000008   Code   RO          616    .text               c_w.l(libspace.o)
    0x000002fc   0x000002fc   0x00000004   Code   RO            4    .ARM.__at_0x02FC    startup_lpc17xx.o
    0x00000300   0x00000300   0x00000710   Code   RO           15    .text               sample.o
    0x00000a10   0x00000a10   0x0000022c   Code   RO           97    .text               system_lpc17xx.o
    0x00000c3c   0x00000c3c   0x000000c8   Code   RO          181    .text               irq_button.o
    0x00000d04   0x00000d04   0x000000c8   Code   RO          209    .text               lib_button.o
    0x00000dcc   0x00000dcc   0x0000044e   Code   RO          233    .text               irq_timer.o
    0x0000121a   0x0000121a   0x00000002   PAD
    0x0000121c   0x0000121c   0x00000130   Code   RO          266    .text               lib_timer.o
    0x0000134c   0x0000134c   0x00000718   Code   RO          290    .text               irq_rit.o
    0x00001a64   0x00001a64   0x00000024   Code   RO          367    .text               lib_joystick.o
    0x00001a88   0x00001a88   0x00000038   Code   RO          387    .text               lib_dac.o
    0x00001ac0   0x00001ac0   0x00000094   Code   RO          410    .text               irq_adc.o
    0x00001b54   0x00001b54   0x0000005c   Code   RO          440    .text               lib_adc.o
    0x00001bb0   0x00001bb0   0x00000020   Code   RO          458    .text               asciilib.o
    0x00001bd0   0x00001bd0   0x000040e4   Code   RO          477    .text               glcd.o
    0x00005cb4   0x00005cb4   0x0000081c   Code   RO          519    .text               touchpanel.o
    0x000064d0   0x000064d0   0x0000008a   Code   RO          549    .text               c_w.l(rt_memcpy_v6.o)
    0x0000655a   0x0000655a   0x0000004e   Code   RO          551    .text               c_w.l(rt_memclr_w.o)
    0x000065a8   0x000065a8   0x00000064   Code   RO          582    .text               c_w.l(rt_memcpy_w.o)
    0x0000660c   0x0000660c   0x0000004a   Code   RO          606    .text               c_w.l(sys_stackheap_outer.o)
    0x00006656   0x00006656   0x00000012   Code   RO          608    .text               c_w.l(exit.o)
    0x00006668   0x00006668   0x0000000c   Code   RO          677    .text               c_w.l(sys_exit.o)
    0x00006674   0x00006674   0x00000002   Code   RO          688    .text               c_w.l(use_no_semi.o)
    0x00006676   0x00006676   0x00000000   Code   RO          690    .text               c_w.l(indicate_semi.o)
    0x00006676   0x00006676   0x00000002   PAD
    0x00006678   0x00006678   0x00000150   Code   RO          557    x$fpl$dadd          fz_ws.l(daddsub_clz.o)
    0x000067c8   0x000067c8   0x00000018   Code   RO          584    x$fpl$dcmpinf       fz_ws.l(dcmpi.o)
    0x000067e0   0x000067e0   0x000002b0   Code   RO          564    x$fpl$ddiv          fz_ws.l(ddiv.o)
    0x00006a90   0x00006a90   0x00000078   Code   RO          567    x$fpl$deqf          fz_ws.l(deqf.o)
    0x00006b08   0x00006b08   0x0000005a   Code   RO          569    x$fpl$dfixu         fz_ws.l(dfixu.o)
    0x00006b62   0x00006b62   0x0000002e   Code   RO          574    x$fpl$dflt          fz_ws.l(dflt_clz.o)
    0x00006b90   0x00006b90   0x00000026   Code   RO          573    x$fpl$dfltu         fz_ws.l(dflt_clz.o)
    0x00006bb6   0x00006bb6   0x00000002   PAD
    0x00006bb8   0x00006bb8   0x00000154   Code   RO          579    x$fpl$dmul          fz_ws.l(dmul.o)
    0x00006d0c   0x00006d0c   0x0000009c   Code   RO          586    x$fpl$dnaninf       fz_ws.l(dnaninf.o)
    0x00006da8   0x00006da8   0x0000000c   Code   RO          588    x$fpl$dretinf       fz_ws.l(dretinf.o)
    0x00006db4   0x00006db4   0x000001d4   Code   RO          559    x$fpl$dsub          fz_ws.l(daddsub_clz.o)
    0x00006f88   0x00006f88   0x00000000   Code   RO          590    x$fpl$usenofp       fz_ws.l(usenofp.o)
    0x00006f88   0x00006f88   0x00000020   Data   RO          128    .constdata          funct_led.o
    0x00006fa8   0x00006fa8   0x000005f0   Data   RO          459    .constdata          asciilib.o
    0x00007598   0x00007598   0x000000ce   Data   RO           16    .conststring        sample.o
    0x00007666   0x00007666   0x00000002   PAD
    0x00007668   0x00007668   0x00000020   Data   RO          743    Region$$Table       anon$$obj.o


    Execution Region RW_IRAM1 (Exec base: 0x10000000, Load base: 0x00007688, Size: 0x00000448, Max: 0x00008000, ABSOLUTE, COMPRESSED[0x000000d0])

    Exec Addr    Load Addr    Size         Type   Attr      Idx    E Section Name        Object

    0x10000000   COMPRESSED   0x00000050   Data   RW           17    .data               sample.o
    0x10000050   COMPRESSED   0x00000004   Data   RW           98    .data               system_lpc17xx.o
    0x10000054   COMPRESSED   0x00000001   Data   RW          159    .data               lib_led.o
    0x10000055   COMPRESSED   0x00000003   PAD
    0x10000058   COMPRESSED   0x00000004   Data   RW          182    .data               irq_button.o
    0x1000005c   COMPRESSED   0x000000f8   Data   RW          234    .data               irq_timer.o
    0x10000154   COMPRESSED   0x0000002c   Data   RW          291    .data               irq_rit.o
    0x10000180   COMPRESSED   0x00000004   Data   RW          411    .data               irq_adc.o
    0x10000184   COMPRESSED   0x00000001   Data   RW          478    .data               glcd.o
    0x10000185   COMPRESSED   0x00000001   PAD
    0x10000186   COMPRESSED   0x00000014   Data   RW          521    .data               touchpanel.o
    0x1000019a   COMPRESSED   0x00000006   PAD
    0x100001a0        -       0x00000044   Zero   RW          520    .bss                touchpanel.o
    0x100001e4        -       0x00000060   Zero   RW          617    .bss                c_w.l(libspace.o)
    0x10000244   COMPRESSED   0x00000004   PAD
    0x10000248        -       0x00000000   Zero   RW            2    HEAP                startup_lpc17xx.o
    0x10000248        -       0x00000200   Zero   RW            1    STACK               startup_lpc17xx.o


==============================================================================

Image component sizes


      Code (inc. data)   RO Data    RW Data    ZI Data      Debug   Object Name

        32          6       1520          0          0       1103   asciilib.o
       108         14         32          0          0      18208   funct_led.o
     16612        104          0          1          0      40167   glcd.o
       148         28          0          4          0        794   irq_adc.o
       200         38          0          4          0      24878   irq_button.o
      1816        110          0         44          0       2187   irq_rit.o
      1102         78          0        248          0       3142   irq_timer.o
        92         18          0          0          0        700   lib_adc.o
       200         22          0          0          0      24505   lib_button.o
        56         14          0          0          0        559   lib_dac.o
        36         10          0          0          0        452   lib_joystick.o
        64         14          0          1          0        778   lib_led.o
       132         14          0          0          0        960   lib_rit.o
       304         12          0          0          0      25187   lib_timer.o
      1808        132        206         80          0       8351   sample.o
        56         22        204          0        512       1056   startup_lpc17xx.o
       556         30          0          4          0        863   system_lpc17xx.o
      2076         76          0         20         68       5934   touchpanel.o

    ----------------------------------------------------------------------
     25400        742       1996        412        584     159824   Object Totals
         0          0         32          0          0          0   (incl. Generated)
         2          0          2          6          4          0   (incl. Padding)

    ----------------------------------------------------------------------

      Code (inc. data)   RO Data    RW Data    ZI Data      Debug   Library Member Name

        58          0          0          0          0          0   __dczerorl.o
         8          0          0          0          0         68   __main.o
         0          0          0          0          0          0   __rtentry.o
        12          0          0          0          0          0   __rtentry2.o
         6          0          0          0          0          0   __rtentry4.o
        52          8          0          0          0          0   __scatter.o
        28          0          0          0          0          0   __scatter_zi.o
        18          0          0          0          0         80   exit.o
         6          0          0          0          0        152   heapauxi.o
         0          0          0          0          0          0   indicate_semi.o
         2          0          0          0          0          0   libinit.o
         2          0          0          0          0          0   libinit2.o
         2          0          0          0          0          0   libshutdown.o
         2          0          0          0          0          0   libshutdown2.o
         8          4          0          0         96         68   libspace.o
        78          0          0          0          0         80   rt_memclr_w.o
       138          0          0          0          0         68   rt_memcpy_v6.o
       100          0          0          0          0         80   rt_memcpy_w.o
         2          0          0          0          0          0   rtexit.o
        10          0          0          0          0          0   rtexit2.o
        12          4          0          0          0         68   sys_exit.o
        74          0          0          0          0         80   sys_stackheap_outer.o
         2          0          0          0          0         68   use_no_semi.o
       804         16          0          0          0        272   daddsub_clz.o
        24          0          0          0          0         68   dcmpi.o
       688        140          0          0          0        208   ddiv.o
       120          4          0          0          0         92   deqf.o
        90          4          0          0          0         92   dfixu.o
        84          0          0          0          0        136   dflt_clz.o
       340         12          0          0          0        104   dmul.o
       156          4          0          0          0         92   dnaninf.o
        12          0          0          0          0         68   dretinf.o
         0          0          0          0          0          0   usenofp.o

    ----------------------------------------------------------------------
      2948        196          0          0        100       1944   Library Totals
        10          0          0          0          4          0   (incl. Padding)

    ----------------------------------------------------------------------

      Code (inc. data)   RO Data    RW Data    ZI Data      Debug   Library Name

       620         16          0          0         96        812   c_w.l
      2318        180          0          0          0       1132   fz_ws.l

    ----------------------------------------------------------------------
      2948        196          0          0        100       1944   Library Totals

    ----------------------------------------------------------------------

==============================================================================


      Code (inc. data)   RO Data    RW Data    ZI Data      Debug   

     28348        938       1996        412        684     159892   Grand Totals
     28348        938       1996        208        684     159892   ELF Image Totals (compressed)
     28348        938       1996        208          0          0   ROM Totals

==============================================================================

    Total RO  Size (Code + RO Data)                30344 (  29.63kB)
    Total RW  Size (RW Data + ZI Data)              1096 (   1.07kB)
    Total ROM Size (Code + RO Data + RW Data)      30552 (  29.84kB)

==============================================================================

